// Jest Snapshot v1, https://goo.gl/fbAQLP

exports[`renders correctly 1`] = `
<div
  className="Loading"
>
  <img
    alt="loading"
    src={Object {}}
  />
</div>
`;
